[
    {
        "Id": 0,
        "TimeStamp": "2023-08-24T23:13:00",
        "ProductIds": [
            1,
            2,
            3
        ]
    }
]