[
    {
        "Id": 1,
        "Name": "Product 1",
        "Price": 12.30
    },
    {
        "Id": 2,
        "Name": "Product 2",
        "Price": 52.23
    },
    {
        "Id": 3,
        "Name": "Product 3",
        "Price": 42.12
    }
]